libEGL.so.1 libglvnd
libEGL_mesa.so.0 mesa
libFLAC++.so.11 flac
libFLAC.so.14 flac
libGL.so.1 libglvnd
libGLESv1_CM.so.1 libglvnd
libGLESv2.so.2 libglvnd
libGLU.so.1 glu
libGLX.so.0 libglvnd
libGLX_mesa.so.0 mesa
libGLdispatch.so.0 libglvnd
libHX.so.43 libHX
libICE.so.6 libICE
libIex-3_2.so.31 openexr
libIlmThread-3_2.so.31 openexr
libImath-3_1.so.29 imath
libJudy.so.1 judy
libLLVM.so.21.1 llvm21
libLLVM.so.22.1 llvm22
libLLVMSPIRVLib.so.21.1 SPIRV-LLVM-Translator21
libLTO.so.22.1 llvm22
libMagick++-7.Q16HDRI.so.5 ImageMagick
libMagickCore-7.Q16HDRI.so.10 ImageMagick
libMagickWand-7.Q16HDRI.so.10 ImageMagick
libOpenCL.so.1 ocl-icd
libOpenEXR-3_2.so.31 openexr
libOpenEXRCore-3_2.so.31 openexr
libOpenEXRUtil-3_2.so.31 openexr
libOpenGL.so.0 libglvnd
libRemarks.so.22.1 llvm22
libRusticlOpenCL.so.1 mesa
libSDL-1.2.so.0 sdl12-compat
libSDL2-2.0.so.0 SDL2
libSM.so.6 libSM
libX11-xcb.so.1 libX11
libX11.so.6 libX11
libXRes.so.1 libXres
libXau.so.6 libXau
libXcomposite.so.1 libXcomposite
libXcursor.so.1 libXcursor
libXdamage.so.1 libXdamage
libXdmcp.so.6 libXdmcp
libXext.so.6 libXext
libXfixes.so.3 libXfixes
libXft.so.2 libXft
libXi.so.6 libXi
libXinerama.so.1 libXinerama
libXmu.so.6 libXmu
libXmuu.so.1 libXmu
libXp.so.6 libXp
libXpm.so.4 libXpm
libXpresent.so.1 libXpresent
libXrandr.so.2 libXrandr
libXrender.so.1 libXrender
libXss.so.1 libXScrnSaver
libXt.so.6 libXt
libXtst.so.6 libXtst
libXv.so.1 libXv
libXvMC.so.1 libXvMC
libXvMCW.so.1 libXvMC
libXxf86dga.so.1 libXxf86dga
libXxf86vm.so.1 libXxf86vm
libaal-1.0.so.7 libaal
libaal-minimal.so.0 libaal
libacl.so.1 acl
libaes.so.0 silc-toolkit
libaom.so.3 libaom
libarchive.so.13 libarchive
libart_lgpl_2.so.2 libart
libasm.so.1 elfutils
libasound.so.2 alsa-lib
libassuan.so.0 libassuan
libasyncns.so.0 libasyncns
libatk-1.0.so.0 at-spi2-core
libatk-bridge-2.0.so.0 at-spi2-core
libatomic.so.1 gcc
libatomic_ops.so.1 libatomic_ops
libatomic_ops_gpl.so.1 libatomic_ops
libatopology.so.2 alsa-lib
libatspi.so.0 at-spi2-core
libattr.so.1 attr
libavahi-client.so.3 avahi
libavahi-common.so.3 avahi
libavahi-core.so.7 avahi
libavc1394.so.0 libavc1394
libax25.so.0 libax25
libax25io.so.0 libax25
libbasicobjects.so.0 ding-libs
libbfd-2.44.so binutils
libblkid.so.1 util-linux-common
libblowfish.so.0 silc-toolkit
libbrotlicommon.so.1 brotli
libbrotlidec.so.1 brotli
libbrotlienc.so.1 brotli
libbsd.so.0 libbsd
libbtrfs.so.0 btrfs-progs
libburn.so.4 libburn
libbytesize.so.1 libbytesize
libbz2.so.1 bzip2
libbzip3.so.1 bzip3
libc++.so.1 llvm22
libc++abi.so.1 llvm22
libcairo-gobject.so.2 cairo
libcairo-script-interpreter.so.2 cairo
libcairo.so.2 cairo
libcanberra.so.0 libcanberra
libcap-ng.so.0 libcap-ng
libcap.so.2 libcap
libcares.so.2 c-ares
libcc1.so.0 gcc
libcc1plugin.so.0 gcc
libcdd.so.0 cddlib
libcddb.so.2 libcddb
libcddgmp.so.0 cddlib
libcdt.so.6 graphviz
libcelt0.so.2 celt
libcfitsio.so.10 cfitsio
libcgraph.so.8 graphviz
libcheck.so.0 check
libck.so.0 ck
libclang-cpp.so.21.1 llvm21
libclang-cpp.so.22.1 llvm22
libclang.so.22.1 llvm22
libcliquer.so.1 cliquer
libcloog-isl.so.4 cloog
libcmuclmtk.so.0 cmuclmtk
libcollection.so.4 ding-libs
libcolord.so.2 colord
libcolordprivate.so.2 colord
libcolorhug.so.2 colord
libconfuse.so.2 confuse
libcp1plugin.so.0 gcc
libcppdap.so cppdap
libcrypt.so.2 libxcrypt
libcrypto.so.3 openssl
libctf-nobfd.so.0 binutils
libctf.so.0 binutils
libcups.so.2 cups
libcupsimage.so.2 cups
libcurl.so.4 curl
libdaemon.so.0 libdaemon
libdatrie.so.1 libdatrie
libdav1d.so.7 dav1d
libdb-5.3.so db
libdbi.so.1 libdbi
libdbus-1.so.3 dbus
libde265.so.0 libde265
libdebuginfod.so.1 elfutils
libdecor-0.so.0 libdecor
libdeflate.so.0 libdeflate
libdhash.so.1 ding-libs
libdiscid.so.0 libdiscid
libdjvulibre.so.21 djvulibre
libdmx.so.1 libdmx
libdrm.so.2 libdrm
libdrm_amdgpu.so.1 libdrm
libdrm_intel.so.1 libdrm
libdrm_nouveau.so.2 libdrm
libdrm_radeon.so.1 libdrm
libdrop_ambient.so.0 libcap-ng
libdshconfig.so.1 libdshconfig
libdvbpsi.so.10 libdvbpsi
libdvdcss.so.2 libdvdcss
libdvdnav.so.4 libdvdnav
libdvdread.so.8 libdvdread
libdw.so.1 elfutils
libeatmydata.so libeatmydata
libedac.so.1 edac-utils
libedit.so.0 libedit
libee.so.0 libee
libelf.so.1 elfutils
libell.so.0 ell
libelogind.so.0 elogind
libenc_cbor.so.0 libxo
libenc_csv.so.0 libxo
libenc_test.so.0 libxo
libeot.so.0 libeot
libepoxy.so.0 libepoxy
libestr.so.0 libestr
libev.so.4 libev
libevdev.so.2 libevdev
libevent-2.1.so.7 libevent
libevent_core-2.1.so.7 libevent
libevent_extra-2.1.so.7 libevent
libevent_openssl-2.1.so.7 libevent
libevent_pthreads-2.1.so.7 libevent
libexpat.so.1 expat
libexslt.so.0 libxslt
libexttextcat-2.0.so.0 libexttextcat
libfdk-aac.so.2 fdk-aac
libffi.so.7 libffi
libfftw3.so.3 fftw
libfftw3_omp.so.3 fftw
libfftw3_threads.so.3 fftw
libfftw3f.so.3 fftw
libfftw3f_omp.so.3 fftw
libfftw3f_threads.so.3 fftw
libfftw3l.so.3 fftw
libfftw3l_omp.so.3 fftw
libfftw3l_threads.so.3 fftw
libfilteraudio.so filter_audio
libfontconfig.so.1 fontconfig
libfontenc.so.1 libfontenc
libformw.so.6 ncurses
libfreeaptx.so.0 libfreeaptx
libfreetype.so.6 freetype
libfreexl.so.1 freexl
libfribidi.so.0 fribidi
libgailutil-3.so.0 gtk+3
libgallium-26.1.5.so mesa
libgbm.so.1 mesa
libgcc_s.so.1 gcc
libgcroots.so.0 libgcroots
libgd.so.3 gd
libgdbm.so.6 gdbm
libgdbm_compat.so.4 gdbm
libgdk-3.so.0 gtk+3
libgdk_pixbuf-2.0.so.0 gdk-pixbuf
libgettextlib-0.22.5.so gettext
libgettextpo.so.0 gettext
libgettextsrc-0.22.5.so gettext
libgfortran.so.5 gcc
libgif.so.7 giflib
libgio-2.0.so.0 glib
libgirepository-1.0.so.1 gobject-introspection
libgirepository-2.0.so.0 glib
libglib-2.0.so.0 glib
libglpk.so.40 glpk
libgmodule-2.0.so.0 glib
libgmp.so.10 gmp
libgnuintl.so.8 gettext
libgnutls-dane.so.0 gnutls
libgnutls.so.30 gnutls
libgnutlsxx.so.30 gnutls
libgobject-2.0.so.0 glib
libgomp.so.1 gcc
libgpg-error.so.0 libgpg-error
libgprofng.so.0 binutils
libgraphite2.so.3 graphite
libgs.so.10 ghostscript
libgsf-1.so.114 libgsf
libgsl.so.28 gsl
libgslcblas.so.0 gsl
libgstbase-1.0.so.0 gstreamer1
libgstcheck-1.0.so.0 gstreamer1
libgstcontroller-1.0.so.0 gstreamer1
libgstnet-1.0.so.0 gstreamer1
libgstreamer-1.0.so.0 gstreamer1
libgta.so.1 libgta
libgthread-2.0.so.0 glib
libgtk-3.so.0 gtk+3
libgudev-1.0.so.0 libgudev
libguess.so.1 libguess
libgusb.so.2 libgusb
libgvc.so.7 graphviz
libgvpr.so.2 graphviz
libhangul.so.1 libhangul
libharfbuzz-cairo.so.0 harfbuzz
libharfbuzz-gobject.so.0 harfbuzz
libharfbuzz-gpu.so.0 harfbuzz
libharfbuzz-icu.so.0 harfbuzz
libharfbuzz-raster.so.0 harfbuzz
libharfbuzz-subset.so.0 harfbuzz
libharfbuzz-vector.so.0 harfbuzz
libharfbuzz.so.0 harfbuzz
libhavege.so.2 haveged
libheif.so.1 libheif
libhidapi-hidraw.so.0 hidapi
libhidapi-libusb.so.0 hidapi
libhiredis.so.1.3.0 hiredis
libhistory.so.8 libreadline8
libhogweed.so.6 nettle
libhpdf-2.3.0.so Haru
libhttp_parser.so.2.9 http-parser
libhwy.so.1 highway
libhwy_contrib.so.1 highway
libhwy_test.so.1 highway
libicudata.so.78 libicu78
libicui18n.so.78 libicu78
libicuio.so.78 libicu78
libicutest.so.78 libicu78
libicutu.so.78 libicu78
libicuuc.so.78 libicu78
libidn.so.12 libidn
libidn2.so.0 libidn2
libiec61883.so.0 libiec61883
libieee1284.so.3 libieee1284
libijs-0.35.so ghostscript
libini_config.so.5 ding-libs
libiperf.so.0 iperf3
libiptcdata.so.0 libiptcdata
libisl.so.19 isl15
libisl.so.23 isl
libjack.so.0 jack
libjacknet.so.0 jack
libjackserver.so.0 jack
libjansson.so.4 jansson
libjbig.so.0 jbigkit
libjbig2dec.so.0 jbig2dec
libjbig85.so.0 jbigkit
libjitterentropy.so.3 jitterentropy
libjodycode.so.4 libjodycode
libjpeg.so.8 libjpeg-turbo
libjson-c.so.5 json-c
libjson-glib-1.0.so.0 json-glib
libjsoncpp.so.26 jsoncpp
libjxl.so.0.12 libjxl
libjxl_cms.so.0.12 libjxl
libjxl_threads.so.0.12 libjxl
libkcgi.so.1.1 kcgi
libkcgihtml.so.1.1 kcgi
libkcgijson.so.1.1 kcgi
libkcgiregress.so.1.1 kcgi
libkcgixml.so.1.1 kcgi
libkmod.so.2 kmod
libksba.so.8 libksba
liblcms2.so.2 lcms2
liblhasa.so.0 lhasa
liblogging-stdlog.so.0 liblogging
liblowdown.so.4 lowdown
liblqr-1.so.0 liblqr
liblrcalc.so.2 lrcalc
libltc.so.11 libltc
libltdl.so.7 libtool
liblwipv6.so.2 lwipv6
liblz4.so.1 lz4
liblzma.so.5 xz
liblzo2.so.2 lzo
libmagic.so.1 file
libmarkdown.so.2 libmarkdown2
libmarkdown.so.3 discount
libmaxminddb.so.0 libmaxminddb
libmcpp.so.0 mcpp
libmd.so.0 libmd
libmd5.so.0 silc-toolkit
libmenuw.so.6 ncurses
libmhash.so.2 mhash
libmikmod.so.3 libmikmod
libminiupnpc.so.17 miniupnpc
libmms.so.0 libmms
libmnl.so.0 libmnl
libmonocypher.so.4 monocypher
libmount.so.1 util-linux-common
libmowgli-2.so.0 libmowgli
libmp3lame.so.0 lame
libmpcdec.so.5 libmpcdec
libmpeg2.so.0 libmpeg2
libmpeg2convert.so.0 libmpeg2
libmpfr.so.6 mpfr
libmpg123.so.0 mpg123
libmspack.so.0 libmspack
libmtdev.so.1 mtdev
libnatpmp.so.1 libnatpmp
libncurses.so.6 ncurses
libncursesw.so.6 ncurses
libndp.so.0 libndp
libnet.so.9 libnet
libnetfilter_acct.so.1 libnetfilter_acct
libnetfilter_conntrack.so.3 libnetfilter_conntrack
libnetfilter_cthelper.so.0 libnetfilter_cthelper
libnetfilter_cttimeout.so.1 libnetfilter_cttimeout
libnetfilter_log.so.1 libnetfilter_log
libnetfilter_log_libipulog.so.1 libnetfilter_log
libnettle.so.8 nettle
libnfnetlink.so.0 libnfnetlink
libnftnl.so.11 libnftnl
libnghttp2.so.14 nghttp2
libnghttp3.so.9 nghttp3
libngtcp2.so.16 ngtcp2
libngtcp2_crypto_ossl.so.0 ngtcp2
libnl-3.so.200 libnl3
libnl-cli-3.so.200 libnl3
libnl-genl-3.so.200 libnl3
libnl-idiag-3.so.200 libnl3
libnl-nf-3.so.200 libnl3
libnl-route-3.so.200 libnl3
libnl-xfrm-3.so.200 libnl3
libnone.so.0 silc-toolkit
libnpth.so.0 npth
liboblibs.so.0.3 oblibs
libogg.so.0 libogg
liboil-0.3.so.0 liboil
libonig.so.5 oniguruma
libopcodes-2.44.so binutils
libopenaptx.so.0 libopenaptx
libopencore-amrnb.so.0 opencore-amr
libopencore-amrwb.so.0 opencore-amr
libopenh264.so.7 openh264
libopenjp2.so.7 openjpeg2
libopus.so.0 opus
libopusenc.so.0 libopusenc
liborc-0.4.so.0 orc
liborc-test-0.4.so.0 orc
libosl.so.0 cloog
libout123.so.0 mpg123
libp11-kit.so.0 p11-kit
libpanelw.so.6 ncurses
libpango-1.0.so.0 pango
libpangocairo-1.0.so.0 pango
libpangoft2-1.0.so.0 pango
libpangoxft-1.0.so.0 pango
libpaper.so.1 libpaper
libpath_utils.so.1 ding-libs
libpathplan.so.4 graphviz
libpcap.so.1 libpcap
libpci.so.3 pciutils
libpciaccess.so.0 libpciaccess
libpcre.so.1 pcre
libpcre2-16.so.0 pcre2
libpcre2-32.so.0 pcre2
libpcre2-8.so.0 pcre2
libpcre2-posix.so.3 pcre2
libpcrecpp.so.0 pcre
libpcreposix.so.0 pcre
libperl.so.5.42 perl
libphorward.so.0 phorward
libpipeline.so.1 libpipeline
libpipewire-0.3.so.0 pipewire
libpixman-1.so.0 pixman
libpkgconf.so.4 pkgconf
libpng16.so.16 libpng
libpotrace.so.0 potrace
libprop.so.0 proplib
libproxychains4.so proxychains-ng
libpsf.so.0 psftools
libpsl.so.5 libpsl
libpst.so.4 libpst
libpsx.so.2 libcap
libpulse-mainloop-glib.so.0 pulseaudio
libpulse-simple.so.0 pulseaudio
libpulse.so.0 pulseaudio
libpulsecommon-16.1.so pulseaudio
libpulsecore-16.1.so pulseaudio
libpython3.14.so.1.0 python3
libpython3.so python3
libqrtr.so.1 qrtr-ns
libquadmath.so.0 gcc
libraqm.so.0 libraqm
libraw1394.so.11 libraw1394
libreadline.so.8 libreadline8
libreadosm.so.1 readosm
libredwg.so.0 libredwg
libref_array.so.1 ding-libs
libreiser4-1.2.so.1 reiser4progs
libreiser4-minimal-1.2.so.1 reiser4progs
librepair-1.2.so.1 reiser4progs
librhash.so.1 rhash
librom1394.so.0 libavc1394
librsa.so.0 silc-toolkit
librsvg-2.so.2 librsvg
librw.so.0 rankwidth
libsamplerate.so.0 libsamplerate
libsbc.so.1 sbc
libscrypt.so.0 libscrypt
libsdb.so.0 sdb
libsensors.so.5 lm_sensors
libserialport.so.0 libserialport
libsframe.so.1 binutils
libsgutils2-1.45.so.2 sg3_utils
libsha1.so.0 silc-toolkit
libsha256.so.0 silc-toolkit
libsharpyuv.so.0 libwebp
libshout.so.3 libshout
libsilc-1.1.so.4 silc-toolkit
libsilcclient-1.1.so.4 silc-toolkit
libsispmctl.so.0 sispmctl
libskarnet.so.2.15 skalibs
libsmi.so.2 libsmi
libsndfile.so.1 libsndfile
libsndio.so.7 sndio
libsndio.so.7.0 sndio
libsodium.so.26 libsodium
libsonic.so.0 sonic
libsoxr-lsr.so.0 libsoxr
libsoxr.so.0 libsoxr
libspeex.so.1 speex
libspeexdsp.so.1 speexdsp
libspnav.so.0 libspnav
libsqlite3.so.0 sqlite
libsquashfs.so.1 squashfs-tools-ng
libssh2.so.1 libssh2
libssl.so.3 openssl
libstartup-notification-1.so.0 startup-notification
libstdc++.so.6 gcc
libsyn123.so.0 mpg123
libsysfs.so.2 sysfsutils
libt3config.so.0 libt3config
libtasn1.so.6 libtasn1
libtcd.so.1 libtcd
libtdb.so.1 tdb
libtermkey.so.1 libtermkey
libtextstyle.so.0 gettext
libthai.so.0 libthai
libtheora.so.0 libtheora
libtheoradec.so.1 libtheora
libtheoraenc.so.1 libtheora
libtickit.so.3 libtickit
libtiff.so.6 tiff
libtiffxx.so.6 tiff
libtre.so.5 tre
libtspi.so.1 trousers
libturbojpeg.so.0 libjpeg-turbo
libtwofish.so.0 silc-toolkit
libtxc_dxtn.so libtxc_dxtn
libudev.so.1 eudev
libudis86.so.0 udis86
libunbound.so.8 unbound
libunibilium.so.4 unibilium
libuninum.so.5 libuninum
libunistring.so.2 libunistring
libunwind.so.1 llvm22
liburcu-bp.so.8 liburcu
liburcu-cds.so.8 liburcu
liburcu-common.so.8 liburcu
liburcu-mb.so.8 liburcu
liburcu-memb.so.8 liburcu
liburcu-qsbr.so.8 liburcu
liburcu.so.8 liburcu
liburing-ffi.so.2 liburing
liburing.so.2 liburing
libusb-0.1.so.4 libusb-compat
libusb-1.0.so.0 libusb
libutempter.so.0 libutempter
libuuid.so.1 util-linux-common
libuv.so.1 libuv
libva-drm.so.2 libva
libva-wayland.so.2 libva
libva-x11.so.2 libva
libva.so.2 libva
libvala-0.56.so.0 vala
libvalaccodegen.so vala
libvdehist.so.0 vde2
libvdemgmt.so.0 vde2
libvdeplug.so.3 vde2
libvdesnmp.so.0 vde2
libvdpau.so.1 libvdpau
libvdpau_trace.so.1 libvdpau
libvorbis.so.0 libvorbis
libvorbisenc.so.2 libvorbis
libvorbisfile.so.3 libvorbis
libvterm.so.0 libvterm
libvulkan.so.1 vulkan-loader
libvulkan_virtio.so mesa
libwavpack.so.1 wavpack
libwayland-client.so.0 wayland
libwayland-cursor.so.0 wayland
libwayland-egl.so.1 wayland
libwayland-server.so.0 wayland
libwcs.so.8 wcslib
libwebp.so.7 libwebp
libwebpdecoder.so.3 libwebp
libwebpdemux.so.2 libwebp
libwebpmux.so.3 libwebp
libwebrtc-audio-coding-1.so.3 webrtc-audio-processing
libwebrtc-audio-processing-1.so.3 webrtc-audio-processing
libwmf-0.2.so.7 libwmf
libwmflite-0.2.so.7 libwmf
libx264.so.165 x264
libx265.so.215 x265
libx86.so.1 libx86
libxcb-composite.so.0 libxcb
libxcb-cursor.so.0 xcb-util-cursor
libxcb-damage.so.0 libxcb
libxcb-dbe.so.0 libxcb
libxcb-dpms.so.0 libxcb
libxcb-dri2.so.0 libxcb
libxcb-dri3.so.0 libxcb
libxcb-errors.so.0 xcb-util-errors
libxcb-ewmh.so.2 xcb-util-wm
libxcb-glx.so.0 libxcb
libxcb-icccm.so.4 xcb-util-wm
libxcb-image.so.0 xcb-util-image
libxcb-keysyms.so.1 xcb-util-keysyms
libxcb-present.so.0 libxcb
libxcb-randr.so.0 libxcb
libxcb-record.so.0 libxcb
libxcb-render-util.so.0 xcb-util-renderutil
libxcb-render.so.0 libxcb
libxcb-res.so.0 libxcb
libxcb-screensaver.so.0 libxcb
libxcb-shape.so.0 libxcb
libxcb-shm.so.0 libxcb
libxcb-sync.so.1 libxcb
libxcb-util.so.1 xcb-util
libxcb-xf86dri.so.0 libxcb
libxcb-xfixes.so.0 libxcb
libxcb-xinerama.so.0 libxcb
libxcb-xinput.so.0 libxcb
libxcb-xkb.so.1 libxcb
libxcb-xtest.so.0 libxcb
libxcb-xv.so.0 libxcb
libxcb-xvmc.so.0 libxcb
libxcb.so.1 libxcb
libxdot.so.4 graphviz
libxkbcommon-x11.so.0 libxkbcommon
libxkbcommon.so.0 libxkbcommon
libxkbfile.so.1 libxkbfile
libxkbregistry.so.0 libxkbcommon
libxlsreader.so.8 libxls
libxml2.so.2 libxml2
libxmp.so.4 libxmp
libxo.so.0 libxo
libxshmfence.so.1 libxshmfence
libxslt.so.1 libxslt
libxvidcore.so.4 xvidcore
libyascreen.so.0 yascreen
libz.so.1 zlib
libz3.so z3
libzstd.so.1 zstd
nocache.so nocache
