libBullet2FileLoader.so.3.25 bullet
libBullet3Collision.so.3.25 bullet
libBullet3Common.so.3.25 bullet
libBullet3Dynamics.so.3.25 bullet
libBullet3Geometry.so.3.25 bullet
libBullet3OpenCL_clew.so.3.25 bullet
libBulletCollision.so.3.25 bullet
libBulletDynamics.so.3.25 bullet
libBulletExampleBrowserLib.so.3.25 bullet
libBulletFileLoader.so.3.25 bullet
libBulletInverseDynamics.so.3.25 bullet
libBulletInverseDynamicsUtils.so.3.25 bullet
libBulletRobotics.so.3.25 bullet
libBulletRoboticsGUI.so.3.25 bullet
libBulletSoftBody.so.3.25 bullet
libBulletWorldImporter.so.3.25 bullet
libBulletXmlWorldImporter.so.3.25 bullet
libBussIK.so bullet
libClp.so.1 Clp
libClpSolver.so.1 Clp
libCoinUtils.so.3 Clp
libConvexDecomposition.so.3.25 bullet
libEGL.so.1 libglvnd
libEGL_mesa.so.0 mesa
libFLAC++.so.11 flac
libFLAC.so.14 flac
libGIMPACTUtils.so.3.25 bullet
libGL.so.1 libglvnd
libGLESv1_CM.so.1 libglvnd
libGLESv2.so.2 libglvnd
libGLEW.so.2.2 glew
libGLU.so.1 glu
libGLX.so.0 libglvnd
libGLX_mesa.so.0 mesa
libGLdispatch.so.0 libglvnd
libHACD.so.3.25 bullet
libHX.so.43 libHX
libICE.so.6 libICE
libIDL-2.so.0 libIDL
libIex-3_2.so.31 openexr
libIlmThread-3_2.so.31 openexr
libImath-3_1.so.29 imath
libJudy.so.1 judy
libKF6Archive.so.6 kf6-karchive
libKF6Attica.so.6 kf6-attica
libKF6Bookmarks.so.6 kf6-kbookmarks
libKF6BookmarksWidgets.so.6 kf6-kbookmarks
libKF6BreezeIcons.so.6 breeze-icons
libKF6Codecs.so.6 kf6-kcodecs
libKF6ColorScheme.so.6 kf6-kcolorscheme
libKF6Completion.so.6 kf6-kcompletion
libKF6ConfigCore.so.6 kf6-kconfig
libKF6ConfigGui.so.6 kf6-kconfig
libKF6ConfigQml.so.6 kf6-kconfig
libKF6ConfigWidgets.so.6 kf6-kconfigwidgets
libKF6CoreAddons.so.6 kf6-kcoreaddons
libKF6Crash.so.6 kf6-kcrash
libKF6DBusAddons.so.6 kf6-kdbusaddons
libKF6DocTools.so.6 kf6-kdoctools
libKF6GlobalAccel.so.6 kf6-kglobalaccel
libKF6GuiAddons.so.6 kf6-kguiaddons
libKF6I18n.so.6 kf6-ki18n
libKF6I18nLocaleData.so.6 kf6-ki18n
libKF6I18nQml.so.6 kf6-ki18n
libKF6IconThemes.so.6 kf6-kiconthemes
libKF6IconWidgets.so.6 kf6-kiconthemes
libKF6ItemViews.so.6 kf6-kitemviews
libKF6JobWidgets.so.6 kf6-kjobwidgets
libKF6KCMUtils.so.6 kf6-kcmutils
libKF6KCMUtilsCore.so.6 kf6-kcmutils
libKF6KCMUtilsQuick.so.6 kf6-kcmutils
libKF6KIOCore.so.6 kf6-kio
libKF6KIOFileWidgets.so.6 kf6-kio
libKF6KIOGui.so.6 kf6-kio
libKF6KIOWidgets.so.6 kf6-kio
libKF6NewStuffCore.so.6 kf6-knewstuff
libKF6NewStuffWidgets.so.6 kf6-knewstuff
libKF6Notifications.so.6 kf6-knotifications
libKF6Package.so.6 kf6-kpackage
libKF6Service.so.6 kf6-kservice
libKF6Solid.so.6 kf6-solid
libKF6Style.so.6 kf6-frameworkintegration
libKF6Svg.so.6 kf6-ksvg
libKF6Syndication.so.6 kf6-syndication
libKF6Wallet.so.6 kf6-kwallet
libKF6WalletBackend.so.6 kf6-kwallet
libKF6WidgetsAddons.so.6 kf6-kwidgetsaddons
libKF6WindowSystem.so.6 kf6-kwindowsystem
libKF6XmlGui.so.6 kf6-kxmlgui
libKirigami.so.6 kf6-kirigami
libKirigamiControls.so.6 kf6-kirigami
libKirigamiDelegates.so.6 kf6-kirigami
libKirigamiDialogs.so.6 kf6-kirigami
libKirigamiLayouts.so.6 kf6-kirigami
libKirigamiLayoutsPrivate.so.6 kf6-kirigami
libKirigamiPlatform.so.6 kf6-kirigami
libKirigamiPolyfill.so.6 kf6-kirigami
libKirigamiPrimitives.so.6 kf6-kirigami
libKirigamiPrivate.so.6 kf6-kirigami
libKirigamiTemplates.so.6 kf6-kirigami
libLLVM.so.21.1 llvm21
libLLVM.so.22.1 llvm22
libLLVMSPIRVLib.so.21.1 SPIRV-LLVM-Translator21
libLTO.so.22.1 llvm22
libLinearMath.so.3.25 bullet
libMagick++-7.Q16HDRI.so.5 ImageMagick
libMagickCore-7.Q16HDRI.so.10 ImageMagick
libMagickWand-7.Q16HDRI.so.10 ImageMagick
libORBit-2.so.0 ORBit2
libORBit-imodule-2.so.0 ORBit2
libORBitCosNaming-2.so.0 ORBit2
libOpenCL.so.1 ocl-icd
libOpenEXR-3_2.so.31 openexr
libOpenEXRCore-3_2.so.31 openexr
libOpenEXRUtil-3_2.so.31 openexr
libOpenGL.so.0 libglvnd
libOpenGLWindow.so bullet
libOsi.so.1 Clp
libOsiClp.so.1 Clp
libOsiCommonTests.so.1 Clp
libPlasma.so.7 libplasma
libPlasmaActivities.so.7 plasma-activities
libPlasmaQuick.so.7 libplasma
libQt5Concurrent.so.5 qt5
libQt5Core.so.5 qt5
libQt5DBus.so.5 qt5
libQt5EglFSDeviceIntegration.so.5 qt5
libQt5EglFsKmsSupport.so.5 qt5
libQt5Gui.so.5 qt5
libQt5Network.so.5 qt5
libQt5OpenGL.so.5 qt5
libQt5PrintSupport.so.5 qt5
libQt5Sql.so.5 qt5
libQt5Test.so.5 qt5
libQt5Widgets.so.5 qt5
libQt5XcbQpa.so.5 qt5
libQt5Xml.so.5 qt5
libQt6Concurrent.so.6 qt6-base
libQt6Core.so.6 qt6-base
libQt6Core5Compat.so.6 qt6-qt5compat
libQt6DBus.so.6 qt6-base
libQt6Designer.so.6 qt6-tools
libQt6DesignerComponents.so.6 qt6-tools
libQt6EglFSDeviceIntegration.so.6 qt6-base
libQt6EglFsKmsGbmSupport.so.6 qt6-base
libQt6EglFsKmsSupport.so.6 qt6-base
libQt6Gui.so.6 qt6-base
libQt6Help.so.6 qt6-tools
libQt6JsonRpc.so.6 qt6-languageserver
libQt6LabsAnimation.so.6 qt6-declarative
libQt6LabsFolderListModel.so.6 qt6-declarative
libQt6LabsPlatform.so.6 qt6-declarative
libQt6LabsQmlModels.so.6 qt6-declarative
libQt6LabsSettings.so.6 qt6-declarative
libQt6LabsSharedImage.so.6 qt6-declarative
libQt6LabsStyleKit.so.6 qt6-declarative
libQt6LabsStyleKitImpl.so.6 qt6-declarative
libQt6LabsSynchronizer.so.6 qt6-declarative
libQt6LabsWavefrontMesh.so.6 qt6-declarative
libQt6LanguageServer.so.6 qt6-languageserver
libQt6Network.so.6 qt6-base
libQt6OpenGL.so.6 qt6-base
libQt6OpenGLWidgets.so.6 qt6-base
libQt6PrintSupport.so.6 qt6-base
libQt6Qml.so.6 qt6-declarative
libQt6QmlCompiler.so.6 qt6-declarative
libQt6QmlCore.so.6 qt6-declarative
libQt6QmlLocalStorage.so.6 qt6-declarative
libQt6QmlMeta.so.6 qt6-declarative
libQt6QmlModels.so.6 qt6-declarative
libQt6QmlNetwork.so.6 qt6-declarative
libQt6QmlWorkerScript.so.6 qt6-declarative
libQt6QmlXmlListModel.so.6 qt6-declarative
libQt6Quick.so.6 qt6-declarative
libQt6QuickControls2.so.6 qt6-declarative
libQt6QuickControls2Basic.so.6 qt6-declarative
libQt6QuickControls2BasicStyleImpl.so.6 qt6-declarative
libQt6QuickControls2FluentWinUI3StyleImpl.so.6 qt6-declarative
libQt6QuickControls2Fusion.so.6 qt6-declarative
libQt6QuickControls2FusionStyleImpl.so.6 qt6-declarative
libQt6QuickControls2Imagine.so.6 qt6-declarative
libQt6QuickControls2ImagineStyleImpl.so.6 qt6-declarative
libQt6QuickControls2Impl.so.6 qt6-declarative
libQt6QuickControls2Material.so.6 qt6-declarative
libQt6QuickControls2MaterialStyleImpl.so.6 qt6-declarative
libQt6QuickControls2Universal.so.6 qt6-declarative
libQt6QuickControls2UniversalStyleImpl.so.6 qt6-declarative
libQt6QuickDialogs2.so.6 qt6-declarative
libQt6QuickDialogs2QuickImpl.so.6 qt6-declarative
libQt6QuickDialogs2Utils.so.6 qt6-declarative
libQt6QuickEffects.so.6 qt6-declarative
libQt6QuickLayouts.so.6 qt6-declarative
libQt6QuickParticles.so.6 qt6-declarative
libQt6QuickShapes.so.6 qt6-declarative
libQt6QuickShapesDesignHelpers.so.6 qt6-declarative
libQt6QuickTemplates2.so.6 qt6-declarative
libQt6QuickTest.so.6 qt6-declarative
libQt6QuickVectorImage.so.6 qt6-declarative
libQt6QuickVectorImageGenerator.so.6 qt6-declarative
libQt6QuickVectorImageHelpers.so.6 qt6-declarative
libQt6QuickWidgets.so.6 qt6-declarative
libQt6ShaderTools.so.6 qt6-shadertools
libQt6Sql.so.6 qt6-base
libQt6Svg.so.6 qt6-svg
libQt6SvgWidgets.so.6 qt6-svg
libQt6Test.so.6 qt6-base
libQt6UiTools.so.6 qt6-tools
libQt6WaylandClient.so.6 qt6-base
libQt6Widgets.so.6 qt6-base
libQt6WlShellIntegration.so.6 qt6-base
libQt6XcbQpa.so.6 qt6-base
libQt6Xml.so.6 qt6-base
libQt_6_PRIVATE_API.6.11.1 qt6-base
libRemarks.so.22.1 llvm22
libRusticlOpenCL.so.1 mesa
libSDL-1.2.so.0 sdl12-compat
libSDL2-2.0.so.0 SDL2
libSM.so.6 libSM
libSPIRV-Tools-shared.so SPIRV-Tools
libSPIRV.so.16 glslang
libX11-xcb.so.1 libX11
libX11.so.6 libX11
libXRes.so.1 libXres
libXau.so.6 libXau
libXcomposite.so.1 libXcomposite
libXcursor.so.1 libXcursor
libXdamage.so.1 libXdamage
libXdmcp.so.6 libXdmcp
libXext.so.6 libXext
libXfixes.so.3 libXfixes
libXft.so.2 libXft
libXi.so.6 libXi
libXinerama.so.1 libXinerama
libXmu.so.6 libXmu
libXmuu.so.1 libXmu
libXp.so.6 libXp
libXpm.so.4 libXpm
libXpresent.so.1 libXpresent
libXrandr.so.2 libXrandr
libXrender.so.1 libXrender
libXss.so.1 libXScrnSaver
libXt.so.6 libXt
libXtst.so.6 libXtst
libXv.so.1 libXv
libXvMC.so.1 libXvMC
libXvMCW.so.1 libXvMC
libXxf86dga.so.1 libXxf86dga
libXxf86vm.so.1 libXxf86vm
libaal-1.0.so.7 libaal
libaal-minimal.so.0 libaal
libabsl_base.so.2505.0.0 abseil-cpp
libabsl_city.so.2505.0.0 abseil-cpp
libabsl_civil_time.so.2505.0.0 abseil-cpp
libabsl_cord.so.2505.0.0 abseil-cpp
libabsl_cord_internal.so.2505.0.0 abseil-cpp
libabsl_cordz_functions.so.2505.0.0 abseil-cpp
libabsl_cordz_handle.so.2505.0.0 abseil-cpp
libabsl_cordz_info.so.2505.0.0 abseil-cpp
libabsl_cordz_sample_token.so.2505.0.0 abseil-cpp
libabsl_crc32c.so.2505.0.0 abseil-cpp
libabsl_crc_cord_state.so.2505.0.0 abseil-cpp
libabsl_crc_cpu_detect.so.2505.0.0 abseil-cpp
libabsl_crc_internal.so.2505.0.0 abseil-cpp
libabsl_debugging_internal.so.2505.0.0 abseil-cpp
libabsl_decode_rust_punycode.so.2505.0.0 abseil-cpp
libabsl_demangle_internal.so.2505.0.0 abseil-cpp
libabsl_demangle_rust.so.2505.0.0 abseil-cpp
libabsl_die_if_null.so.2505.0.0 abseil-cpp
libabsl_examine_stack.so.2505.0.0 abseil-cpp
libabsl_exponential_biased.so.2505.0.0 abseil-cpp
libabsl_failure_signal_handler.so.2505.0.0 abseil-cpp
libabsl_flags_commandlineflag.so.2505.0.0 abseil-cpp
libabsl_flags_commandlineflag_internal.so.2505.0.0 abseil-cpp
libabsl_flags_config.so.2505.0.0 abseil-cpp
libabsl_flags_internal.so.2505.0.0 abseil-cpp
libabsl_flags_marshalling.so.2505.0.0 abseil-cpp
libabsl_flags_parse.so.2505.0.0 abseil-cpp
libabsl_flags_private_handle_accessor.so.2505.0.0 abseil-cpp
libabsl_flags_program_name.so.2505.0.0 abseil-cpp
libabsl_flags_reflection.so.2505.0.0 abseil-cpp
libabsl_flags_usage.so.2505.0.0 abseil-cpp
libabsl_flags_usage_internal.so.2505.0.0 abseil-cpp
libabsl_graphcycles_internal.so.2505.0.0 abseil-cpp
libabsl_hash.so.2505.0.0 abseil-cpp
libabsl_hashtablez_sampler.so.2505.0.0 abseil-cpp
libabsl_int128.so.2505.0.0 abseil-cpp
libabsl_kernel_timeout_internal.so.2505.0.0 abseil-cpp
libabsl_leak_check.so.2505.0.0 abseil-cpp
libabsl_log_flags.so.2505.0.0 abseil-cpp
libabsl_log_globals.so.2505.0.0 abseil-cpp
libabsl_log_initialize.so.2505.0.0 abseil-cpp
libabsl_log_internal_check_op.so.2505.0.0 abseil-cpp
libabsl_log_internal_conditions.so.2505.0.0 abseil-cpp
libabsl_log_internal_fnmatch.so.2505.0.0 abseil-cpp
libabsl_log_internal_format.so.2505.0.0 abseil-cpp
libabsl_log_internal_globals.so.2505.0.0 abseil-cpp
libabsl_log_internal_log_sink_set.so.2505.0.0 abseil-cpp
libabsl_log_internal_message.so.2505.0.0 abseil-cpp
libabsl_log_internal_nullguard.so.2505.0.0 abseil-cpp
libabsl_log_internal_proto.so.2505.0.0 abseil-cpp
libabsl_log_internal_structured_proto.so.2505.0.0 abseil-cpp
libabsl_log_severity.so.2505.0.0 abseil-cpp
libabsl_log_sink.so.2505.0.0 abseil-cpp
libabsl_low_level_hash.so.2505.0.0 abseil-cpp
libabsl_malloc_internal.so.2505.0.0 abseil-cpp
libabsl_periodic_sampler.so.2505.0.0 abseil-cpp
libabsl_poison.so.2505.0.0 abseil-cpp
libabsl_random_distributions.so.2505.0.0 abseil-cpp
libabsl_random_internal_distribution_test_util.so.2505.0.0 abseil-cpp
libabsl_random_internal_entropy_pool.so.2505.0.0 abseil-cpp
libabsl_random_internal_platform.so.2505.0.0 abseil-cpp
libabsl_random_internal_randen.so.2505.0.0 abseil-cpp
libabsl_random_internal_randen_hwaes.so.2505.0.0 abseil-cpp
libabsl_random_internal_randen_hwaes_impl.so.2505.0.0 abseil-cpp
libabsl_random_internal_randen_slow.so.2505.0.0 abseil-cpp
libabsl_random_internal_seed_material.so.2505.0.0 abseil-cpp
libabsl_random_seed_gen_exception.so.2505.0.0 abseil-cpp
libabsl_random_seed_sequences.so.2505.0.0 abseil-cpp
libabsl_raw_hash_set.so.2505.0.0 abseil-cpp
libabsl_raw_logging_internal.so.2505.0.0 abseil-cpp
libabsl_scoped_set_env.so.2505.0.0 abseil-cpp
libabsl_spinlock_wait.so.2505.0.0 abseil-cpp
libabsl_stacktrace.so.2505.0.0 abseil-cpp
libabsl_status.so.2505.0.0 abseil-cpp
libabsl_statusor.so.2505.0.0 abseil-cpp
libabsl_str_format_internal.so.2505.0.0 abseil-cpp
libabsl_strerror.so.2505.0.0 abseil-cpp
libabsl_string_view.so.2505.0.0 abseil-cpp
libabsl_strings.so.2505.0.0 abseil-cpp
libabsl_strings_internal.so.2505.0.0 abseil-cpp
libabsl_symbolize.so.2505.0.0 abseil-cpp
libabsl_synchronization.so.2505.0.0 abseil-cpp
libabsl_throw_delegate.so.2505.0.0 abseil-cpp
libabsl_time.so.2505.0.0 abseil-cpp
libabsl_time_zone.so.2505.0.0 abseil-cpp
libabsl_tracing_internal.so.2505.0.0 abseil-cpp
libabsl_utf8_for_code_point.so.2505.0.0 abseil-cpp
libabsl_vlog_config_internal.so.2505.0.0 abseil-cpp
libacl.so.1 acl
libada.so.3 ada
libaes.so.0 silc-toolkit
libaio.so.1 libaio
libairspy.so.0 airspy
libairspyhf.so.0 airspyhf
libamd.so.3 SuiteSparse
libaml.so.0 aml
libaom.so.3 libaom
libappstream-glib.so.8 appstream-glib
libapr-1.so.0 apr
libarchive.so.13 libarchive
libargtable2.so.0 argtable
libart_lgpl_2.so.2 libart
libasm.so.1 elfutils
libasound.so.2 alsa-lib
libaspell.so.15 aspell
libassuan.so.0 libassuan
libasyncns.so.0 libasyncns
libatasmart.so.4 libatasmart
libatk-1.0.so.0 at-spi2-core
libatk-bridge-2.0.so.0 at-spi2-core
libatkmm-1.6.so.1 atkmm
libatomic.so.1 gcc
libatomic_ops.so.1 libatomic_ops
libatomic_ops_gpl.so.1 libatomic_ops
libatopology.so.2 alsa-lib
libatspi.so.0 at-spi2-core
libattr.so.1 attr
libaugeas.so.0 augeas
libavahi-client.so.3 avahi
libavahi-common.so.3 avahi
libavahi-core.so.7 avahi
libavc1394.so.0 libavc1394
libax25.so.0 libax25
libax25io.so.0 libax25
libb2.so.1 libb2
libbabl-0.1.so.0 babl
libbasicobjects.so.0 ding-libs
libbasu.so.0 basu
libbcg729.so.0 bcg729
libbcunit.so.1.0.1 bcunit
libbd_btrfs.so.3 libblockdev
libbd_crypto.so.3 libblockdev
libbd_dm.so.3 libblockdev
libbd_fs.so.3 libblockdev
libbd_loop.so.3 libblockdev
libbd_lvm-dbus.so.3 libblockdev
libbd_lvm.so.3 libblockdev
libbd_mdraid.so.3 libblockdev
libbd_mpath.so.3 libblockdev
libbd_nvdimm.so.3 libblockdev
libbd_nvme.so.3 libblockdev
libbd_part.so.3 libblockdev
libbd_smart.so.3 libblockdev
libbd_smartmontools.so.3 libblockdev
libbd_swap.so.3 libblockdev
libbd_utils.so.3 libblockdev
libbenchmark.so.1 benchmark
libbenchmark_main.so.1 benchmark
libbfd-2.44.so binutils
libbiblesync.so.2.1.0 biblesync
libblkid.so.1 util-linux-common
libblockdev.so.3 libblockdev
libblosc.so.1 c-blosc
libblowfish.so.0 silc-toolkit
libboost_atomic.so.1.91.0 boost
libboost_charconv.so.1.91.0 boost
libboost_chrono.so.1.91.0 boost
libboost_container.so.1.91.0 boost
libboost_context.so.1.91.0 boost
libboost_contract.so.1.91.0 boost
libboost_coroutine.so.1.91.0 boost
libboost_date_time.so.1.91.0 boost
libboost_fiber.so.1.91.0 boost
libboost_filesystem.so.1.91.0 boost
libboost_graph.so.1.91.0 boost
libboost_graph_parallel.so.1.91.0 boost
libboost_iostreams.so.1.91.0 boost
libboost_json.so.1.91.0 boost
libboost_locale.so.1.91.0 boost
libboost_log.so.1.91.0 boost
libboost_log_setup.so.1.91.0 boost
libboost_math_c99.so.1.91.0 boost
libboost_math_c99f.so.1.91.0 boost
libboost_math_c99l.so.1.91.0 boost
libboost_math_tr1.so.1.91.0 boost
libboost_math_tr1f.so.1.91.0 boost
libboost_math_tr1l.so.1.91.0 boost
libboost_mpi.so.1.91.0 boost
libboost_nowide.so.1.91.0 boost
libboost_prg_exec_monitor.so.1.91.0 boost
libboost_process.so.1.91.0 boost
libboost_program_options.so.1.91.0 boost
libboost_random.so.1.91.0 boost
libboost_regex.so.1.91.0 boost
libboost_serialization.so.1.91.0 boost
libboost_thread.so.1.91.0 boost
libboost_timer.so.1.91.0 boost
libboost_type_erasure.so.1.91.0 boost
libboost_unit_test_framework.so.1.91.0 boost
libboost_url.so.1.91.0 boost
libboost_wave.so.1.91.0 boost
libboost_wserialization.so.1.91.0 boost
libbooster.so.0 cppcms
libbotan-3.so.12 botan
libbox2d.so.2 box2d
libbrial.so.3 brial
libbrial_groebner.so.3 brial
libbrotlicommon.so.1 brotli
libbrotlidec.so.1 brotli
libbrotlienc.so.1 brotli
libbsd.so.0 libbsd
libbtf.so.2 SuiteSparse
libbtrfs.so.0 btrfs-progs
libburn.so.4 libburn
libbytesize.so.1 libbytesize
libbz2.so.1 bzip2
libbzip3.so.1 bzip3
libc++.so.1 llvm22
libc++abi.so.1 llvm22
libc++utilities.so.5 cpp-utilities
libcairo-gobject.so.2 cairo
libcairo-script-interpreter.so.2 cairo
libcairo.so.2 cairo
libcairomm-1.0.so.1 cairomm
libcairomm-1.16.so.1 cairomm1.16
libcamd.so.3 SuiteSparse
libcanberra.so.0 libcanberra
libcap-ng.so.0 libcap-ng
libcap.so.2 libcap
libcapnp-json.so.1.4.0 capnproto
libcapnp-rpc.so.1.4.0 capnproto
libcapnp-websocket.so.1.4.0 capnproto
libcapnp.so.1.4.0 capnproto
libcapnpc.so.1.4.0 capnproto
libcares.so.2 c-ares
libcc1.so.0 gcc
libcc1plugin.so.0 gcc
libccext2-1.8.so.0 commoncpp2
libccgnu2-1.8.so.0 commoncpp2
libccolamd.so.3 SuiteSparse
libcdd.so.0 cddlib
libcddb.so.2 libcddb
libcddgmp.so.0 cddlib
libcdt.so.6 graphviz
libcelt0.so.2 celt
libcfitsio.so.10 cfitsio
libcgif.so.0 cgif
libcglm.so.0 cglm
libcgraph.so.8 graphviz
libcheck.so.0 check
libchipmunk.so.7 Chipmunk2D
libchm.so.0 chmlib
libcholmod.so.5 SuiteSparse
libcinnamon-menu-3.so.0 cinnamon-menus
libcjson.so.1 cJSON
libck.so.0 ck
libclang-cpp.so.21.1 llvm21
libclang-cpp.so.22.1 llvm22
libclang.so.22.1 llvm22
libcliquer.so.1 cliquer
libcln.so.6 cln
libcloog-isl.so.4 cloog
libcmocka.so.0 cmocka
libcmuclmtk.so.0 cmuclmtk
libcodec2.so.1.0 codec2
libcolamd.so.3 SuiteSparse
libcollection.so.4 ding-libs
libcolord.so.2 colord
libcolordprivate.so.2 colord
libcolorhug.so.2 colord
libcom_err.so.2 e2fsprogs
libconfuse.so.2 confuse
libcourier-unicode.so.12 courier-unicode
libcp1plugin.so.0 gcc
libcppcms.so.1 cppcms
libcppdap.so cppdap
libcppdb.so.0 cppdb
libcrypt.so.2 libxcrypt
libcrypto.so.3 openssl
libcryptopp.so.8 crypto++
libcryptsetup.so.12 cryptsetup
libctf-nobfd.so.0 binutils
libctf.so.0 binutils
libctpl.so.2 ctpl
libcups.so.2 cups
libcupsimage.so.2 cups
libcurl.so.4 curl
libcxsparse.so.4 SuiteSparse
libdaemon.so.0 libdaemon
libdate-tz.so.3 chrono-date
libdatrie.so.1 libdatrie
libdav1d.so.7 dav1d
libdaxctl.so.1 ndctl
libdb-5.3.so db
libdb_cxx-5.3.so db
libdbi.so.1 libdbi
libdbus-1.so.3 dbus
libdbus-glib-1.so.2 dbus-glib
libdbustest.so.1 dbus-test-runner
libdconf.so.1 dconf
libde265.so.0 libde265
libdebuginfod.so.1 elfutils
libdecor-0.so.0 libdecor
libdeflate.so.0 libdeflate
libdevmapper-event-lvm2.so.2.03 lvm2
libdevmapper-event-lvm2mirror.so.2.03 lvm2
libdevmapper-event-lvm2raid.so.2.03 lvm2
libdevmapper-event-lvm2snapshot.so.2.03 lvm2
libdevmapper-event-lvm2thin.so.2.03 lvm2
libdevmapper-event-lvm2vdo.so.2.03 lvm2
libdevmapper-event.so.1.02 lvm2
libdevmapper.so.1.02 lvm2
libdhash.so.1 ding-libs
libdiscid.so.0 libdiscid
libdjvulibre.so.21 djvulibre
libdmx.so.1 libdmx
libdocopt.so.0 docopt.cpp
libdouble-conversion.so.3 double-conversion
libdpp.so.10.0.34 dpp
libdraco.so.8 draco
libdrm.so.2 libdrm
libdrm_amdgpu.so.1 libdrm
libdrm_intel.so.1 libdrm
libdrm_nouveau.so.2 libdrm
libdrm_radeon.so.1 libdrm
libdrop_ambient.so.0 libcap-ng
libdshconfig.so.1 libdshconfig
libduktape.so.207 duktape
libdvbpsi.so.10 libdvbpsi
libdvdcss.so.2 libdvdcss
libdvdnav.so.4 libdvdnav
libdvdread.so.8 libdvdread
libdw.so.1 elfutils
libe2p.so.2 e2fsprogs
libeatmydata.so libeatmydata
libecpg.so.6 postgresql18
libecpg_compat.so.3 postgresql18
libedac.so.1 edac-utils
libedit.so.0 libedit
libee.so.0 libee
libelf.so.1 elfutils
libell.so.0 ell
libelogind.so.0 elogind
libenc_cbor.so.0 libxo
libenc_csv.so.0 libxo
libenc_test.so.0 libxo
libeot.so.0 libeot
libepoxy.so.0 libepoxy
libestr.so.0 libestr
libev.so.4 libev
libevdev.so.2 libevdev
libevent-2.1.so.7 libevent
libevent_core-2.1.so.7 libevent
libevent_extra-2.1.so.7 libevent
libevent_openssl-2.1.so.7 libevent
libevent_pthreads-2.1.so.7 libevent
libexpat.so.1 expat
libexslt.so.0 libxslt
libext2fs.so.2 e2fsprogs
libexttextcat-2.0.so.0 libexttextcat
libfa.so.1 augeas
libfdisk.so.1 util-linux-common
libfdk-aac.so.2 fdk-aac
libffi.so.7 libffi
libfftw3.so.3 fftw
libfftw3_omp.so.3 fftw
libfftw3_threads.so.3 fftw
libfftw3f.so.3 fftw
libfftw3f_omp.so.3 fftw
libfftw3f_threads.so.3 fftw
libfftw3l.so.3 fftw
libfftw3l_omp.so.3 fftw
libfftw3l_threads.so.3 fftw
libfilteraudio.so filter_audio
libfmt.so.12 fmt
libfontconfig.so.1 fontconfig
libfontenc.so.1 libfontenc
libfontforge.so.4 fontforge
libformw.so.6 ncurses
libfreeaptx.so.0 libfreeaptx
libfreebl3.so nss
libfreeblpriv3.so nss
libfreetype.so.6 freetype
libfreexl.so.1 freexl
libfribidi.so.0 fribidi
libfuse.so.2 fuse
libgailutil-3.so.0 gtk+3
libgallium-26.1.5.so mesa
libgauche-0.98.so.0.15 Gauche
libgbm.so.1 mesa
libgcc_s.so.1 gcc
libgcroots.so.0 libgcroots
libgcrypt.so.20 libgcrypt
libgd.so.3 gd
libgdbm.so.6 gdbm
libgdbm_compat.so.4 gdbm
libgdk-3.so.0 gtk+3
libgdk_pixbuf-2.0.so.0 gdk-pixbuf
libgdkmm-3.0.so.1 gtkmm
libgee-0.8.so.2 libgee
libgettextlib-0.22.5.so gettext
libgettextpo.so.0 gettext
libgettextsrc-0.22.5.so gettext
libgfortran.so.5 gcc
libgif.so.7 giflib
libgio-2.0.so.0 glib
libgiomm-2.4.so.1 glibmm
libgirepository-1.0.so.1 gobject-introspection
libgirepository-2.0.so.0 glib
libgit2.so.1.9 libgit2-1.9
libglfw.so.3 glfw
libglib-2.0.so.0 glib
libglibmm-2.4.so.1 glibmm
libglibmm_generate_extra_defs-2.4.so.1 glibmm
libglpk.so.40 glpk
libglslang-default-resource-limits.so.16 glslang
libglslang.so.16 glslang
libgmodule-2.0.so.0 glib
libgmp.so.10 gmp
libgnuintl.so.8 gettext
libgnutls-dane.so.0 gnutls
libgnutls.so.30 gnutls
libgnutlsxx.so.30 gnutls
libgobject-2.0.so.0 glib
libgomp.so.1 gcc
libgpg-error.so.0 libgpg-error
libgpgme.so.45 gpgme
libgpgmepp.so.7 gpgmepp
libgprofng.so.0 binutils
libgraphblas.so.10 SuiteSparse
libgraphite2.so.3 graphite
libgs.so.10 ghostscript
libgsf-1.so.114 libgsf
libgsl.so.28 gsl
libgslcblas.so.0 gsl
libgssapi_krb5.so.2 mit-krb5
libgssrpc.so.4 mit-krb5
libgstbase-1.0.so.0 gstreamer1
libgstcheck-1.0.so.0 gstreamer1
libgstcontroller-1.0.so.0 gstreamer1
libgstnet-1.0.so.0 gstreamer1
libgstreamer-1.0.so.0 gstreamer1
libgta.so.1 libgta
libgthread-2.0.so.0 glib
libgtk-3.so.0 gtk+3
libgtkmm-3.0.so.1 gtkmm
libgudev-1.0.so.0 libgudev
libguess.so.1 libguess
libgumbo.so.3 gumbo-parser
libgusb.so.2 libgusb
libgvc.so.7 graphviz
libgvpr.so.2 graphviz
libgwen.so bullet
libhangul.so.1 libhangul
libharfbuzz-cairo.so.0 harfbuzz
libharfbuzz-gobject.so.0 harfbuzz
libharfbuzz-gpu.so.0 harfbuzz
libharfbuzz-icu.so.0 harfbuzz
libharfbuzz-raster.so.0 harfbuzz
libharfbuzz-subset.so.0 harfbuzz
libharfbuzz-vector.so.0 harfbuzz
libharfbuzz.so.0 harfbuzz
libhavege.so.2 haveged
libheif.so.1 libheif
libhidapi-hidraw.so.0 hidapi
libhidapi-libusb.so.0 hidapi
libhiredis.so.1.3.0 hiredis
libhistory.so.8 libreadline8
libhogweed.so.6 nettle
libhpdf-2.3.0.so Haru
libhttp_parser.so.2.9 http-parser
libhwloc.so.15 hwloc
libhwy.so.1 highway
libhwy_contrib.so.1 highway
libhwy_test.so.1 highway
libicudata.so.78 libicu78
libicui18n.so.78 libicu78
libicuio.so.78 libicu78
libicutest.so.78 libicu78
libicutu.so.78 libicu78
libicuuc.so.78 libicu78
libidn.so.12 libidn
libidn2.so.0 libidn2
libiec61883.so.0 libiec61883
libieee1284.so.3 libieee1284
libijs-0.35.so ghostscript
libimobiledevice-1.0.so.6 libimobiledevice
libini_config.so.5 ding-libs
libinput.so.10 libinput
libiperf.so.0 iperf3
libiptcdata.so.0 libiptcdata
libisl.so.19 isl15
libisl.so.23 isl
libjack.so.0 jack
libjacknet.so.0 jack
libjackserver.so.0 jack
libjansson.so.4 jansson
libjbig.so.0 jbigkit
libjbig2dec.so.0 jbig2dec
libjbig85.so.0 jbigkit
libjitterentropy.so.3 jitterentropy
libjodycode.so.4 libjodycode
libjpeg.so.8 libjpeg-turbo
libjson-c.so.5 json-c
libjson-glib-1.0.so.0 json-glib
libjsoncpp.so.26 jsoncpp
libjxl.so.0.12 libjxl
libjxl_cms.so.0.12 libjxl
libjxl_threads.so.0.12 libjxl
libk5crypto.so.3 mit-krb5
libkadm5clnt_mit.so.12 mit-krb5
libkadm5srv_mit.so.12 mit-krb5
libkcgi.so.1.1 kcgi
libkcgihtml.so.1.1 kcgi
libkcgijson.so.1.1 kcgi
libkcgiregress.so.1.1 kcgi
libkcgixml.so.1.1 kcgi
libkdb5.so.10 mit-krb5
libkdb_ldap.so.1 mit-krb5
libkdecorations3.so.6 kf6-kdecoration
libkdecorations3private.so.2 kf6-kdecoration
libkeyutils.so.1 keyutils
libkj-async.so.1.4.0 capnproto
libkj-http.so.1.4.0 capnproto
libkj-test.so.1.4.0 capnproto
libkj.so.1.4.0 capnproto
libklu.so.2 SuiteSparse
libklu_cholmod.so.2 SuiteSparse
libkmod.so.2 kmod
libkrad.so.0 mit-krb5
libkrb5.so.3 mit-krb5
libkrb5support.so.0 mit-krb5
libksba.so.8 libksba
libkuriikwsfiltereng_private.so kf6-kio
liblagraph.so.1 SuiteSparse
liblagraphx.so.1 SuiteSparse
liblber.so.2 openldap
liblcms2.so.2 lcms2
libldap.so.2 openldap
libldl.so.3 SuiteSparse
libldns.so.3 ldns
liblhasa.so.0 lhasa
libllhttp.so.9.4 llhttp
liblogging-stdlog.so.0 liblogging
liblowdown.so.4 lowdown
liblqr-1.so.0 liblqr
liblrcalc.so.2 lrcalc
libltc.so.11 libltc
libltdl.so.7 libtool
liblua5.4.so.5.4 lua54
liblvm2cmd.so.2.03 lvm2
liblwipv6.so.2 lwipv6
liblz4.so.1 lz4
liblzma.so.5 xz
liblzo2.so.2 lzo
libm4ri.so.2 m4ri
libmagic.so.1 file
libmariadb.so.3 mariadb
libmariadbd.so.19 mariadb
libmarkdown.so.2 libmarkdown2
libmarkdown.so.3 discount
libmaxminddb.so.0 libmaxminddb
libmbedcrypto.so.16 mbedtls
libmbedtls.so.21 mbedtls
libmbedx509.so.7 mbedtls
libmcpp.so.0 mcpp
libmd.so.0 libmd
libmd4c-html.so.0 md4c
libmd4c.so.0 md4c
libmd5.so.0 silc-toolkit
libmenuw.so.6 ncurses
libmhash.so.2 mhash
libmikmod.so.3 libmikmod
libminiupnpc.so.17 miniupnpc
libmms.so.0 libmms
libmnl.so.0 libmnl
libmonocypher.so.4 monocypher
libmount.so.1 util-linux-common
libmowgli-2.so.0 libmowgli
libmp3lame.so.0 lame
libmpcdec.so.5 libmpcdec
libmpeg2.so.0 libmpeg2
libmpeg2convert.so.0 libmpeg2
libmpfr.so.6 mpfr
libmpg123.so.0 mpg123
libmpi.so.40 openmpi
libmpi_mpifh.so.40 openmpi
libmpi_usempi_ignore_tkr.so.40 openmpi
libmpi_usempif08.so.40 openmpi
libmspack.so.0 libmspack
libmtdev.so.1 mtdev
libnatpmp.so.1 libnatpmp
libncurses.so.6 ncurses
libncursesw.so.6 ncurses
libndctl.so.6 ndctl
libndp.so.0 libndp
libnet.so.9 libnet
libnetfilter_acct.so.1 libnetfilter_acct
libnetfilter_conntrack.so.3 libnetfilter_conntrack
libnetfilter_cthelper.so.0 libnetfilter_cthelper
libnetfilter_cttimeout.so.1 libnetfilter_cttimeout
libnetfilter_log.so.1 libnetfilter_log
libnetfilter_log_libipulog.so.1 libnetfilter_log
libnettle.so.8 nettle
libnfnetlink.so.0 libnfnetlink
libnftnl.so.11 libnftnl
libnghttp2.so.14 nghttp2
libnghttp3.so.9 nghttp3
libngtcp2.so.16 ngtcp2
libngtcp2_crypto_ossl.so.0 ngtcp2
libnl-3.so.200 libnl3
libnl-cli-3.so.200 libnl3
libnl-genl-3.so.200 libnl3
libnl-idiag-3.so.200 libnl3
libnl-nf-3.so.200 libnl3
libnl-route-3.so.200 libnl3
libnl-xfrm-3.so.200 libnl3
libnone.so.0 silc-toolkit
libnpth.so.0 npth
libnspr4.so nspr
libnss3.so nss
libnssckbi.so nss
libnssdbm3.so nss
libnsssysinit.so nss
libnssutil3.so nss
libnvme-mi.so.1 libnvme
libnvme.so.1 libnvme
liboam.so.1 ROCm-SMI
liboblibs.so.0.3 oblibs
libodbc.so.2 unixodbc
libodbccr.so.2 unixodbc
libodbcinst.so.2 unixodbc
libogg.so.0 libogg
liboil-0.3.so.0 liboil
libonig.so.5 oniguruma
libopcodes-2.44.so binutils
libopen-pal.so.80 openmpi
libopenaptx.so.0 libopenaptx
libopenblas.so.0 openblas
libopencore-amrnb.so.0 opencore-amr
libopencore-amrwb.so.0 opencore-amr
libopenh264.so.7 openh264
libopenjp2.so.7 openjpeg2
libopentime.so.17 OpenTimelineIO
libopentimelineio.so.17 OpenTimelineIO
libopus.so.0 opus
libopusenc.so.0 libopusenc
liborc-0.4.so.0 orc
liborc-test-0.4.so.0 orc
libosl.so.0 cloog
libout123.so.0 mpg123
libp11-kit.so.0 p11-kit
libpam.so.0 pam
libpam_misc.so.0 pam
libpamc.so.0 pam
libpanelw.so.6 ncurses
libpango-1.0.so.0 pango
libpangocairo-1.0.so.0 pango
libpangoft2-1.0.so.0 pango
libpangomm-1.4.so.1 pangomm
libpangoxft-1.0.so.0 pango
libpaper.so.1 libpaper
libparted-fs-resize.so.0 parted
libparted.so.2 parted
libparu.so.1 SuiteSparse
libpath_utils.so.1 ding-libs
libpathplan.so.4 graphviz
libpcap.so.1 libpcap
libpci.so.3 pciutils
libpciaccess.so.0 libpciaccess
libpcre.so.1 pcre
libpcre2-16.so.0 pcre2
libpcre2-32.so.0 pcre2
libpcre2-8.so.0 pcre2
libpcre2-posix.so.3 pcre2
libpcrecpp.so.0 pcre
libpcreposix.so.0 pcre
libperl.so.5.42 perl
libpgtypes.so.3 postgresql18
libphorward.so.0 phorward
libpipeline.so.1 libpipeline
libpipewire-0.3.so.0 pipewire
libpixman-1.so.0 pixman
libpkgconf.so.4 pkgconf
libplc4.so nspr
libplds4.so nspr
libplist-2.0.so.3 libplist
libpmix.so.2 openmpi
libpng16.so.16 libpng
libpolkit-agent-1.so.0 polkit
libpolkit-gobject-1.so.0 polkit
libpolyclipping.so.22 clipper
libpotrace.so.0 potrace
libpq.so.5 postgresql18
libpqxx-6.4.so libpqxx
libprop.so.0 proplib
libproxy.so.1 libproxy
libproxychains4.so proxychains-ng
libprrte.so.3 openmpi
libpsf.so.0 psftools
libpsl.so.5 libpsl
libpspell.so.15 aspell
libpst.so.4 libpst
libpsx.so.2 libcap
libpulse-mainloop-glib.so.0 pulseaudio
libpulse-simple.so.0 pulseaudio
libpulse.so.0 pulseaudio
libpulsecommon-16.1.so pulseaudio
libpulsecore-16.1.so pulseaudio
libpyside6.so.6.11 python3-pyside6
libpyside6qml.so.6.11 python3-pyside6
libpython3.14.so.1.0 python3
libpython3.so python3
libqca-qt6.so.2 qca-qt6
libqrtr.so.1 qrtr-ns
libquadmath.so.0 gcc
libraqm.so.0 libraqm
libraw1394.so.11 libraw1394
librbio.so.4 SuiteSparse
libreadline.so.8 libreadline8
libreadosm.so.1 readosm
libredwg.so.0 libredwg
libref_array.so.1 ding-libs
libreiser4-1.2.so.1 reiser4progs
libreiser4-minimal-1.2.so.1 reiser4progs
librepair-1.2.so.1 reiser4progs
librhash.so.1 rhash
librocm_smi64.so.1 ROCm-SMI
librom1394.so.0 libavc1394
librsa.so.0 silc-toolkit
librsvg-2.so.2 librsvg
librw.so.0 rankwidth
libsamplerate.so.0 libsamplerate
libsasl2.so.3 libsasl
libsass.so.1 libsass
libsbc.so.1 sbc
libscrypt.so.0 libscrypt
libsdb.so.0 sdb
libsecret-1.so.0 libsecret
libsensors.so.5 lm_sensors
libserialport.so.0 libserialport
libsframe.so.1 binutils
libsgutils2-1.45.so.2 sg3_utils
libsha1.so.0 silc-toolkit
libsha256.so.0 silc-toolkit
libsharpyuv.so.0 libwebp
libshiboken6.so.6.11 python3-pyside6
libshout.so.3 libshout
libsigc-2.0.so.0 libsigc++
libsigc-3.0.so.0 libsigc++3
libsilc-1.1.so.4 silc-toolkit
libsilcclient-1.1.so.4 silc-toolkit
libsispmctl.so.0 sispmctl
libskarnet.so.2.15 skalibs
libsmartcols.so.1 util-linux-common
libsmi.so.2 libsmi
libsmime3.so nss
libsnappy.so.1 snappy
libsndfile.so.1 libsndfile
libsndio.so.7 sndio
libsndio.so.7.0 sndio
libsodium.so.26 libsodium
libsoftokn3.so nss
libsonic.so.0 sonic
libsoxr-lsr.so.0 libsoxr
libsoxr.so.0 libsoxr
libspdlog.so.1.17 spdlog
libspeex.so.1 speex
libspeexdsp.so.1 speexdsp
libspex.so.3 SuiteSparse
libspexpython.so.3 SuiteSparse
libspiro.so.1 libspiro
libspnav.so.0 libspnav
libspqr.so.4 SuiteSparse
libsqlite3.so.0 sqlite
libsquashfs.so.1 squashfs-tools-ng
libss.so.2 e2fsprogs
libssh.so.4 libssh
libssh2.so.1 libssh2
libssl.so.3 openssl
libssl3.so nss
libstartup-notification-1.so.0 startup-notification
libstdc++.so.6 gcc
libsuitesparse_mongoose.so.3 SuiteSparse
libsuitesparseconfig.so.7 SuiteSparse
libsyn123.so.0 mpg123
libsysfs.so.2 sysfsutils
libt3config.so.0 libt3config
libtasn1.so.6 libtasn1
libtcd.so.1 libtcd
libtdb.so.1 tdb
libtermkey.so.1 libtermkey
libtextstyle.so.0 gettext
libthai.so.0 libthai
libtheora.so.0 libtheora
libtheoradec.so.1 libtheora
libtheoraenc.so.1 libtheora
libtickit.so.3 libtickit
libticonv.so.8 libticonv
libtiff.so.6 tiff
libtiffxx.so.6 tiff
libtre.so.5 tre
libts.so.0 tslib
libtspi.so.1 trousers
libtss2-esys.so.0 tpm2-tss
libtss2-mu.so.0 tpm2-tss
libtss2-policy.so.0 tpm2-tss
libtss2-rc.so.0 tpm2-tss
libtss2-sys.so.1 tpm2-tss
libtss2-tcti-cmd.so.0 tpm2-tss
libtss2-tcti-device.so.0 tpm2-tss
libtss2-tcti-i2c-helper.so.0 tpm2-tss
libtss2-tcti-libtpms.so.0 tpm2-tss
libtss2-tcti-mssim.so.0 tpm2-tss
libtss2-tcti-null.so.0 tpm2-tss
libtss2-tcti-pcap.so.0 tpm2-tss
libtss2-tcti-spi-helper.so.0 tpm2-tss
libtss2-tcti-spidev.so.0 tpm2-tss
libtss2-tcti-swtpm.so.0 tpm2-tss
libtss2-tctildr.so.0 tpm2-tss
libturbojpeg.so.0 libjpeg-turbo
libtwofish.so.0 silc-toolkit
libtxc_dxtn.so libtxc_dxtn
libudev.so.1 eudev
libudis86.so.0 udis86
libudisks2.so.0 udisks2
libulockmgr.so.1 fuse
libumfpack.so.6 SuiteSparse
libunbound.so.8 unbound
libunibilium.so.4 unibilium
libuninum.so.5 libuninum
libunistring.so.2 libunistring
libunwind.so.1 llvm22
libupower-glib.so.3 upower
liburcu-bp.so.8 liburcu
liburcu-cds.so.8 liburcu
liburcu-common.so.8 liburcu
liburcu-mb.so.8 liburcu
liburcu-memb.so.8 liburcu
liburcu-qsbr.so.8 liburcu
liburcu.so.8 liburcu
liburing-ffi.so.2 liburing
liburing.so.2 liburing
libusb-0.1.so.4 libusb-compat
libusb-1.0.so.0 libusb
libusbmuxd-2.0.so.6 libusbmuxd
libutempter.so.0 libutempter
libuuid.so.1 util-linux-common
libuv.so.1 libuv
libva-drm.so.2 libva
libva-wayland.so.2 libva
libva-x11.so.2 libva
libva.so.2 libva
libvala-0.56.so.0 vala
libvalaccodegen.so vala
libvdehist.so.0 vde2
libvdemgmt.so.0 vde2
libvdeplug.so.3 vde2
libvdesnmp.so.0 vde2
libvdpau.so.1 libvdpau
libvdpau_trace.so.1 libvdpau
libverto.so.0 mit-krb5
libvolume_key.so.1 volume_key
libvorbis.so.0 libvorbis
libvorbisenc.so.2 libvorbis
libvorbisfile.so.3 libvorbis
libvterm.so.0 libvterm
libvulkan.so.1 vulkan-loader
libvulkan_virtio.so mesa
libwacom.so.9 libwacom
libwavpack.so.1 wavpack
libwayland-client.so.0 wayland
libwayland-cursor.so.0 wayland
libwayland-egl.so.1 wayland
libwayland-server.so.0 wayland
libwcs.so.8 wcslib
libwebp.so.7 libwebp
libwebpdecoder.so.3 libwebp
libwebpdemux.so.2 libwebp
libwebpmux.so.3 libwebp
libwebrtc-audio-coding-1.so.3 webrtc-audio-processing
libwebrtc-audio-processing-1.so.3 webrtc-audio-processing
libwmf-0.2.so.7 libwmf
libwmflite-0.2.so.7 libwmf
libwoff2common.so.1.0.2 woff2
libwoff2dec.so.1.0.2 woff2
libwoff2enc.so.1.0.2 woff2
libx264.so.165 x264
libx265.so.215 x265
libx86.so.1 libx86
libxcb-composite.so.0 libxcb
libxcb-cursor.so.0 xcb-util-cursor
libxcb-damage.so.0 libxcb
libxcb-dbe.so.0 libxcb
libxcb-dpms.so.0 libxcb
libxcb-dri2.so.0 libxcb
libxcb-dri3.so.0 libxcb
libxcb-errors.so.0 xcb-util-errors
libxcb-ewmh.so.2 xcb-util-wm
libxcb-glx.so.0 libxcb
libxcb-icccm.so.4 xcb-util-wm
libxcb-image.so.0 xcb-util-image
libxcb-keysyms.so.1 xcb-util-keysyms
libxcb-present.so.0 libxcb
libxcb-randr.so.0 libxcb
libxcb-record.so.0 libxcb
libxcb-render-util.so.0 xcb-util-renderutil
libxcb-render.so.0 libxcb
libxcb-res.so.0 libxcb
libxcb-screensaver.so.0 libxcb
libxcb-shape.so.0 libxcb
libxcb-shm.so.0 libxcb
libxcb-sync.so.1 libxcb
libxcb-util.so.1 xcb-util
libxcb-xf86dri.so.0 libxcb
libxcb-xfixes.so.0 libxcb
libxcb-xinerama.so.0 libxcb
libxcb-xinput.so.0 libxcb
libxcb-xkb.so.1 libxcb
libxcb-xtest.so.0 libxcb
libxcb-xv.so.0 libxcb
libxcb-xvmc.so.0 libxcb
libxcb.so.1 libxcb
libxdot.so.4 graphviz
libxkbcommon-x11.so.0 libxkbcommon
libxkbcommon.so.0 libxkbcommon
libxkbfile.so.1 libxkbfile
libxkbregistry.so.0 libxkbcommon
libxlsreader.so.8 libxls
libxml2.so.2 libxml2
libxmp.so.4 libxmp
libxo.so.0 libxo
libxshmfence.so.1 libxshmfence
libxslt.so.1 libxslt
libxvidcore.so.4 xvidcore
libyaml-0.so.2 libyaml
libyascreen.so.0 yascreen
libz.so.1 zlib
libz3.so z3
libzmq.so.5 zeromq
libzstd.so.1 zstd
nocache.so nocache
