libEGL.so.1 libglvnd
libEGL_mesa.so.0 mesa
libGL.so.1 libglvnd
libGLESv1_CM.so.1 libglvnd
libGLESv2.so.2 libglvnd
libGLX.so.0 libglvnd
libGLX_mesa.so.0 mesa
libGLdispatch.so.0 libglvnd
libICE.so.6 libICE
libLLVM.so.21.1 llvm21
libLLVMSPIRVLib.so.21.1 SPIRV-LLVM-Translator21
libOpenGL.so.0 libglvnd
libRusticlOpenCL.so.1 mesa
libSM.so.6 libSM
libX11-xcb.so.1 libX11
libX11.so.6 libX11
libXau.so.6 libXau
libXcomposite.so.1 libXcomposite
libXcursor.so.1 libXcursor
libXdamage.so.1 libXdamage
libXdmcp.so.6 libXdmcp
libXext.so.6 libXext
libXfixes.so.3 libXfixes
libXft.so.2 libXft
libXi.so.6 libXi
libXinerama.so.1 libXinerama
libXrandr.so.2 libXrandr
libXrender.so.1 libXrender
libXtst.so.6 libXtst
libXxf86vm.so.1 libXxf86vm
libacl.so.1 acl
libasm.so.1 elfutils
libatk-1.0.so.0 at-spi2-core
libatk-bridge-2.0.so.0 at-spi2-core
libatspi.so.0 at-spi2-core
libavahi-client.so.3 avahi
libavahi-common.so.3 avahi
libavahi-core.so.7 avahi
libblkid.so.1 util-linux-common
libbrotlicommon.so.1 brotli
libbrotlidec.so.1 brotli
libbrotlienc.so.1 brotli
libbz2.so.1 bzip2
libcairo-gobject.so.2 cairo
libcairo-script-interpreter.so.2 cairo
libcairo.so.2 cairo
libcap.so.2 libcap
libcares.so.2 c-ares
libclang-cpp.so.21.1 llvm21
libcolord.so.2 colord
libcolordprivate.so.2 colord
libcolorhug.so.2 colord
libcrypt.so.2 libxcrypt
libcrypto.so.3 openssl
libcups.so.2 cups
libcupsimage.so.2 cups
libcurl.so.4 curl
libdatrie.so.1 libdatrie
libdav1d.so.7 dav1d
libdb-5.3.so db
libdbus-1.so.3 dbus
libdebuginfod.so.1 elfutils
libdrm.so.2 libdrm
libdrm_amdgpu.so.1 libdrm
libdrm_intel.so.1 libdrm
libdrm_nouveau.so.2 libdrm
libdrm_radeon.so.1 libdrm
libdw.so.1 elfutils
libedit.so.0 libedit
libelf.so.1 elfutils
libepoxy.so.0 libepoxy
libev.so.4 libev
libevent-2.1.so.7 libevent
libevent_core-2.1.so.7 libevent
libevent_extra-2.1.so.7 libevent
libevent_openssl-2.1.so.7 libevent
libevent_pthreads-2.1.so.7 libevent
libexpat.so.1 expat
libexslt.so.0 libxslt
libffi.so.7 libffi
libfontconfig.so.1 fontconfig
libformw.so.6 ncurses
libfreetype.so.6 freetype
libfribidi.so.0 fribidi
libgailutil-3.so.0 gtk+3
libgallium-26.1.5.so mesa
libgbm.so.1 mesa
libgcc_s.so.1 gcc
libgdbm.so.6 gdbm
libgdbm_compat.so.4 gdbm
libgdk-3.so.0 gtk+3
libgdk_pixbuf-2.0.so.0 gdk-pixbuf
libgettextlib-0.22.5.so gettext
libgettextpo.so.0 gettext
libgettextsrc-0.22.5.so gettext
libgio-2.0.so.0 glib
libgirepository-1.0.so.1 gobject-introspection
libgirepository-2.0.so.0 glib
libglib-2.0.so.0 glib
libgmodule-2.0.so.0 glib
libgmp.so.10 gmp
libgnuintl.so.8 gettext
libgnutls-dane.so.0 gnutls
libgnutls.so.30 gnutls
libgnutlsxx.so.30 gnutls
libgobject-2.0.so.0 glib
libgraphite2.so.3 graphite
libgthread-2.0.so.0 glib
libgtk-3.so.0 gtk+3
libgudev-1.0.so.0 libgudev
libgusb.so.2 libgusb
libharfbuzz-cairo.so.0 harfbuzz
libharfbuzz-gobject.so.0 harfbuzz
libharfbuzz-gpu.so.0 harfbuzz
libharfbuzz-icu.so.0 harfbuzz
libharfbuzz-raster.so.0 harfbuzz
libharfbuzz-subset.so.0 harfbuzz
libharfbuzz-vector.so.0 harfbuzz
libharfbuzz.so.0 harfbuzz
libhistory.so.8 libreadline8
libhogweed.so.6 nettle
libicudata.so.78 libicu78
libicui18n.so.78 libicu78
libicuio.so.78 libicu78
libicutest.so.78 libicu78
libicutu.so.78 libicu78
libicuuc.so.78 libicu78
libidn2.so.0 libidn2
libjansson.so.4 jansson
libjbig.so.0 jbigkit
libjbig85.so.0 jbigkit
libjpeg.so.8 libjpeg-turbo
libjson-c.so.5 json-c
libjson-glib-1.0.so.0 json-glib
liblcms2.so.2 lcms2
liblz4.so.1 lz4
liblzma.so.5 xz
liblzo2.so.2 lzo
libmenuw.so.6 ncurses
libmount.so.1 util-linux-common
libncurses.so.6 ncurses
libncursesw.so.6 ncurses
libnettle.so.8 nettle
libnghttp2.so.14 nghttp2
libnghttp3.so.9 nghttp3
libngtcp2.so.16 ngtcp2
libngtcp2_crypto_ossl.so.0 ngtcp2
libp11-kit.so.0 p11-kit
libpanelw.so.6 ncurses
libpango-1.0.so.0 pango
libpangocairo-1.0.so.0 pango
libpangoft2-1.0.so.0 pango
libpangoxft-1.0.so.0 pango
libpciaccess.so.0 libpciaccess
libpcre2-16.so.0 pcre2
libpcre2-32.so.0 pcre2
libpcre2-8.so.0 pcre2
libpcre2-posix.so.3 pcre2
libperl.so.5.42 perl
libpixman-1.so.0 pixman
libpng16.so.16 libpng
libpsl.so.5 libpsl
libpsx.so.2 libcap
libpython3.14.so.1.0 python3
libpython3.so python3
libreadline.so.8 libreadline8
librsvg-2.so.2 librsvg
libsensors.so.5 lm_sensors
libsharpyuv.so.0 libwebp
libsodium.so.26 libsodium
libsqlite3.so.0 sqlite
libssh2.so.1 libssh2
libssl.so.3 openssl
libstdc++.so.6 gcc
libtasn1.so.6 libtasn1
libtextstyle.so.0 gettext
libthai.so.0 libthai
libtiff.so.6 tiff
libtiffxx.so.6 tiff
libtspi.so.1 trousers
libturbojpeg.so.0 libjpeg-turbo
libudev.so.1 eudev
libunbound.so.8 unbound
libunistring.so.2 libunistring
libusb-1.0.so.0 libusb
libuuid.so.1 util-linux-common
libvala-0.56.so.0 vala
libvalaccodegen.so vala
libvulkan_virtio.so mesa
libwayland-client.so.0 wayland
libwayland-cursor.so.0 wayland
libwayland-egl.so.1 wayland
libwayland-server.so.0 wayland
libwebp.so.7 libwebp
libwebpdecoder.so.3 libwebp
libwebpdemux.so.2 libwebp
libwebpmux.so.3 libwebp
libxcb-composite.so.0 libxcb
libxcb-damage.so.0 libxcb
libxcb-dbe.so.0 libxcb
libxcb-dpms.so.0 libxcb
libxcb-dri2.so.0 libxcb
libxcb-dri3.so.0 libxcb
libxcb-glx.so.0 libxcb
libxcb-present.so.0 libxcb
libxcb-randr.so.0 libxcb
libxcb-record.so.0 libxcb
libxcb-render.so.0 libxcb
libxcb-res.so.0 libxcb
libxcb-screensaver.so.0 libxcb
libxcb-shape.so.0 libxcb
libxcb-shm.so.0 libxcb
libxcb-sync.so.1 libxcb
libxcb-xf86dri.so.0 libxcb
libxcb-xfixes.so.0 libxcb
libxcb-xinerama.so.0 libxcb
libxcb-xinput.so.0 libxcb
libxcb-xkb.so.1 libxcb
libxcb-xtest.so.0 libxcb
libxcb-xv.so.0 libxcb
libxcb-xvmc.so.0 libxcb
libxcb.so.1 libxcb
libxkbcommon-x11.so.0 libxkbcommon
libxkbcommon.so.0 libxkbcommon
libxkbfile.so.1 libxkbfile
libxkbregistry.so.0 libxkbcommon
libxml2.so.2 libxml2
libxshmfence.so.1 libxshmfence
libxslt.so.1 libxslt
libz.so.1 zlib
libz3.so z3
libzstd.so.1 zstd
